// Jest Snapshot v1, https://goo.gl/fbAQLP

exports[`<User /> should render component 1`] = `
<div
  className="user-container"
>
  <div
    className="data-wrapper"
  >
    <div
      className="avatar"
    >
      <UserAvatar
        filename={undefined}
      />
    </div>
    <div
      className="info-wrapper"
    >
      <div
        className="info-item"
        title="name"
      >
        <span
          className="info-title"
        >
          Name:
        </span>
        name
      </div>
      <div
        className="info-item"
        title="lastname"
      >
        <span
          className="info-title"
        >
          Lastname:
        </span>
        lastname
      </div>
      <div
        className="info-item"
        title="email"
      >
        <span
          className="info-title"
        >
          Email:
        </span>
        email
      </div>
    </div>
  </div>
  <div
    className="text-center button-wrapper"
  >
    <Link
      className="button-link"
      to="/user/edit-profile"
    >
      Edit Profile
    </Link>
  </div>
</div>
`;
